127.0.0.1 - - [13/Nov/2014:19:00:44 +0100] "GET / HTTP/1.1" 404 1004
0:0:0:0:0:0:0:1 - - [13/Nov/2014:19:00:44 +0100] "GET /PTCTest/WEB-INF/classes/Hello.java HTTP/1.1" 404 1002
0:0:0:0:0:0:0:1 - - [13/Nov/2014:19:00:57 +0100] "GET /PTCTest/hello HTTP/1.1" 404 1030
0:0:0:0:0:0:0:1 - - [13/Nov/2014:19:01:03 +0100] "GET /hello HTTP/1.1" 404 1014
0:0:0:0:0:0:0:1 - - [13/Nov/2014:19:01:12 +0100] "GET /registered HTTP/1.1" 404 1024
0:0:0:0:0:0:0:1 - - [13/Nov/2014:19:01:12 +0100] "GET /favicon.ico HTTP/1.1" 404 1026
0:0:0:0:0:0:0:1 - - [13/Nov/2014:19:01:16 +0100] "GET /hello HTTP/1.1" 404 1014
0:0:0:0:0:0:0:1 - - [13/Nov/2014:19:01:47 +0100] "GET /registered HTTP/1.1" 404 1024
0:0:0:0:0:0:0:1 - - [13/Nov/2014:19:01:49 +0100] "GET /rest/hello HTTP/1.1" 404 1024
0:0:0:0:0:0:0:1 - - [13/Nov/2014:19:03:19 +0100] "GET /hello HTTP/1.1" 404 1014
127.0.0.1 - - [13/Nov/2014:19:05:11 +0100] "GET / HTTP/1.1" 404 1004
0:0:0:0:0:0:0:1 - - [13/Nov/2014:19:05:15 +0100] "GET /hello HTTP/1.1" 404 1014
0:0:0:0:0:0:0:1 - - [13/Nov/2014:19:06:10 +0100] "GET / HTTP/1.1" 404 1004
0:0:0:0:0:0:0:1 - - [13/Nov/2014:19:06:19 +0100] "GET /hello HTTP/1.1" 404 1014
0:0:0:0:0:0:0:1 - - [13/Nov/2014:19:08:13 +0100] "GET /services/hello HTTP/1.1" 404 1032
0:0:0:0:0:0:0:1 - - [13/Nov/2014:19:08:24 +0100] "GET /Hello/hello HTTP/1.1" 404 1026
127.0.0.1 - - [13/Nov/2014:19:09:36 +0100] "GET / HTTP/1.1" 404 1004
0:0:0:0:0:0:0:1 - - [13/Nov/2014:19:09:41 +0100] "GET /hello/hello HTTP/1.1" 404 1026
0:0:0:0:0:0:0:1 - - [13/Nov/2014:19:09:46 +0100] "GET /hello/ HTTP/1.1" 404 1016
0:0:0:0:0:0:0:1 - - [13/Nov/2014:19:09:54 +0100] "GET /hello HTTP/1.1" 404 1014
0:0:0:0:0:0:0:1 - - [13/Nov/2014:19:18:37 +0100] "GET /hello/rest/hello HTTP/1.1" 404 1036
0:0:0:0:0:0:0:1 - - [13/Nov/2014:19:19:04 +0100] "GET /hello/rest/hello HTTP/1.1" 404 1036
0:0:0:0:0:0:0:1 - - [13/Nov/2014:19:19:09 +0100] "GET / HTTP/1.1" 404 1004
0:0:0:0:0:0:0:1 - - [13/Nov/2014:19:20:31 +0100] "GET /com.vogella.jersey.jaxb/rest/hello HTTP/1.1" 404 1072
127.0.0.1 - - [13/Nov/2014:19:20:48 +0100] "GET / HTTP/1.1" 404 1004
0:0:0:0:0:0:0:1 - - [13/Nov/2014:19:20:51 +0100] "GET /com.vogella.jersey.jaxb/rest/hello HTTP/1.1" 404 1072
0:0:0:0:0:0:0:1 - - [13/Nov/2014:19:20:57 +0100] "GET /com.vogella.jersey.jaxb/rest HTTP/1.1" 404 1060
0:0:0:0:0:0:0:1 - - [13/Nov/2014:19:21:02 +0100] "GET /com.vogella.jersey.jaxb/hello HTTP/1.1" 404 1062
0:0:0:0:0:0:0:1 - - [13/Nov/2014:19:23:14 +0100] "GET /es.david.ptctest/hello HTTP/1.1" 404 1048
0:0:0:0:0:0:0:1 - - [13/Nov/2014:19:23:32 +0100] "GET /es.david.ptctest/rest/hello HTTP/1.1" 404 1058
127.0.0.1 - - [13/Nov/2014:19:24:24 +0100] "GET / HTTP/1.1" 404 1004
0:0:0:0:0:0:0:1 - - [13/Nov/2014:19:24:26 +0100] "GET /es.david.ptctest/rest/hello HTTP/1.1" 404 1058
0:0:0:0:0:0:0:1 - - [13/Nov/2014:19:24:34 +0100] "GET /PTCTest/WEB-INF/classes/Hello.java HTTP/1.1" 404 1002
0:0:0:0:0:0:0:1 - - [13/Nov/2014:19:24:48 +0100] "GET /es.david.ptctest/rest/hello HTTP/1.1" 404 1058
127.0.0.1 - - [13/Nov/2014:19:25:04 +0100] "GET / HTTP/1.1" 404 1004
127.0.0.1 - - [13/Nov/2014:19:25:28 +0100] "GET / HTTP/1.1" 404 1004
0:0:0:0:0:0:0:1 - - [13/Nov/2014:19:26:41 +0100] "GET /rest/hello HTTP/1.1" 404 1024
127.0.0.1 - - [13/Nov/2014:19:26:50 +0100] "GET / HTTP/1.1" 404 1004
0:0:0:0:0:0:0:1 - - [13/Nov/2014:19:26:53 +0100] "GET /rest/hello HTTP/1.1" 404 1024
0:0:0:0:0:0:0:1 - - [13/Nov/2014:19:27:01 +0100] "GET /es.david.ptctest/rest/hello HTTP/1.1" 404 1058
127.0.0.1 - - [13/Nov/2014:19:28:03 +0100] "GET / HTTP/1.1" 404 1004
0:0:0:0:0:0:0:1 - - [13/Nov/2014:19:28:07 +0100] "GET /es.david.ptctest/rest/hello HTTP/1.1" 404 1058
0:0:0:0:0:0:0:1 - - [13/Nov/2014:19:28:39 +0100] "GET /PTCTest/rest/hello HTTP/1.1" 200 76
127.0.0.1 - - [13/Nov/2014:19:29:20 +0100] "GET / HTTP/1.1" 404 1004
0:0:0:0:0:0:0:1 - - [13/Nov/2014:19:29:23 +0100] "GET /PTCTest/rest/hello HTTP/1.1" 404 1020
127.0.0.1 - - [13/Nov/2014:19:29:49 +0100] "GET / HTTP/1.1" 404 1004
0:0:0:0:0:0:0:1 - - [13/Nov/2014:19:29:50 +0100] "GET /PTCTest/rest/hello HTTP/1.1" 200 76
127.0.0.1 - - [13/Nov/2014:19:30:49 +0100] "GET / HTTP/1.1" 404 1004
0:0:0:0:0:0:0:1 - - [13/Nov/2014:19:30:51 +0100] "GET /PTCTest/rest/hello HTTP/1.1" 200 12
0:0:0:0:0:0:0:1 - - [13/Nov/2014:19:32:05 +0100] "GET /PTCTest/rest/hello HTTP/1.1" 200 1
0:0:0:0:0:0:0:1 - - [13/Nov/2014:19:32:07 +0100] "GET /PTCTest/rest/hello HTTP/1.1" 200 1
0:0:0:0:0:0:0:1 - - [13/Nov/2014:19:32:09 +0100] "GET /PTCTest/rest/hello HTTP/1.1" 200 1
127.0.0.1 - - [13/Nov/2014:19:34:54 +0100] "GET / HTTP/1.1" 404 1004
0:0:0:0:0:0:0:1 - - [13/Nov/2014:19:34:54 +0100] "GET /PTCTest/rest/hello HTTP/1.1" 404 1020
0:0:0:0:0:0:0:1 - - [13/Nov/2014:19:35:03 +0100] "GET /PTCTest/ptc HTTP/1.1" 200 1
0:0:0:0:0:0:0:1 - - [13/Nov/2014:19:35:05 +0100] "GET /PTCTest/ptc HTTP/1.1" 200 1
127.0.0.1 - - [13/Nov/2014:19:54:09 +0100] "GET / HTTP/1.1" 404 1004
0:0:0:0:0:0:0:1 - - [13/Nov/2014:19:54:17 +0100] "GET /PTCTest/ptc HTTP/1.1" 200 24
